// Jest Snapshot v1, https://goo.gl/fbAQLP

exports[`Pruebas de <GifExpertApp />  1`] = `
<div>
  <h1>
    GifExpert
  </h1>
  <form
    aria-label="form"
  >
    <input
      placeholder="Buscar Gifs"
      type="text"
      value=""
    />
  </form>
  <h3>
    One Punch Man
  </h3>
  <h2>
    Cargando...
  </h2>
  <div
    class="card-grid"
  />
</div>
`;

exports[`Pruebas de <GifExpertApp /> Debe hacer match con el snapshot 1`] = `
<div>
  <h1>
    GifExpert
  </h1>
  <form
    aria-label="form"
  >
    <input
      placeholder="Buscar Gifs"
      type="text"
      value=""
    />
  </form>
  <h3>
    One Punch Man
  </h3>
  <h2>
    Cargando...
  </h2>
  <div
    class="card-grid"
  />
</div>
`;
